<html>
<body>
<pre>
<h1>µVision Build Log</h1>
<h2>Tool Versions:</h2>
IDE-Version: µVision V5.24.2.0
Copyright (C) 2017 ARM Ltd and ARM Germany GmbH. All rights reserved.
License Information: Henrique Delagnelo, Labsolda, LIC=VGX63-ALUQL-YVG1Y-IRE9C-64JU2-WGSLA
 
Tool Versions:
Toolchain:       MDK-ARM Plus  Version: 5.24.1
Toolchain Path:  C:\Keil_v5\ARM\ARMCC\Bin
C Compiler:      Armcc.exe V5.06 update 5 (build 528)
Assembler:       Armasm.exe V5.06 update 5 (build 528)
Linker/Locator:  ArmLink.exe V5.06 update 5 (build 528)
Library Manager: ArmAr.exe V5.06 update 5 (build 528)
Hex Converter:   FromElf.exe V5.06 update 5 (build 528)
CPU DLL:         SARMCM3.DLL V5.24.1
Dialog DLL:      DCM.DLL V1.16.0.0
Target DLL:      STLink\ST-LINKIII-KEIL_SWO.dll V3.0.1.0
Dialog DLL:      TCM.DLL V1.32.0.0
 
<h2>Project:</h2>
C:\Users\Ianna_Eliza\Desktop\u8g2_TESTE\MDK-ARM\u8g2_TESTE.uvprojx
Project File Date:  02/13/2025

<h2>Output:</h2>
*** Using Compiler 'V5.06 update 5 (build 528)', folder: 'C:\Keil_v5\ARM\ARMCC\Bin'
Rebuild target 'u8g2_TESTE'
assembling startup_stm32f103xb.s...
compiling display_u8g2.c...
"no source": Error:  #5: cannot open source input file "..\Core\Src\display_u8g2.c": No such file or directory
..\Core\Src\display_u8g2.c: 0 warnings, 1 error
compiling stm32f1xx_hal_gpio_ex.c...
compiling stm32f1xx_hal_msp.c...
compiling stm32f1xx_it.c...
compiling stm32f1xx_hal_spi.c...
compiling stm32f1xx_hal.c...
compiling main.c...
../Core/Src/main.c(286): warning:  #177-D: variable "byte"  was declared but never referenced
    uint8_t byte;
../Core/Src/main.c(287): warning:  #177-D: variable "data"  was declared but never referenced
    uint8_t *data;
../Core/Src/main.c: 2 warnings, 0 errors
compiling stm32f1xx_hal_rcc.c...
compiling stm32f1xx_hal_flash.c...
compiling stm32f1xx_hal_gpio.c...
compiling stm32f1xx_hal_pwr.c...
compiling stm32f1xx_hal_dma.c...
compiling stm32f1xx_hal_rcc_ex.c...
compiling mui.c...
..\u8g2\mui.c(591): warning:  #177-D: function "mui_task_read_nth_selectable_field"  was declared but never referenced
  static uint8_t mui_task_read_nth_selectable_field(mui_t *ui)
..\u8g2\mui.c: 1 warning, 0 errors
compiling stm32f1xx_hal_cortex.c...
compiling u8g2_arc.c...
compiling stm32f1xx_hal_flash_ex.c...
compiling u8g2_bitmap.c...
compiling mui_u8g2.c...
..\u8g2\mui_u8g2.c(1256): warning:  #177-D: variable "s"  was declared but never referenced
    char *s = buf;
..\u8g2\mui_u8g2.c: 1 warning, 0 errors
compiling u8g2_box.c...
compiling u8g2_buffer.c...
compiling u8g2_button.c...
compiling u8g2_cleardisplay.c...
compiling u8g2_circle.c...
compiling u8g2_d_memory.c...
compiling u8g2_hvline.c...
compiling u8g2_font.c...
compiling system_stm32f1xx.c...
compiling u8g2_input_value.c...
compiling stm32f1xx_hal_exti.c...
compiling u8g2_kerning.c...
compiling u8g2_intersection.c...
compiling u8g2_line.c...
compiling u8g2_message.c...
compiling u8g2_ll_hvline.c...
compiling u8g2_selection_list.c...
compiling u8g2_polygon.c...
compiling u8log_u8x8.c...
compiling u8log.c...
compiling u8g2_setup.c...
compiling u8x8_8x8.c...
compiling u8log_u8g2.c...
compiling u8x8_capture.c...
compiling u8x8_d_a2printer.c...
compiling u8x8_byte.c...
compiling u8x8_cad.c...
compiling u8x8_d_ch1120.c...
compiling u8x8_d_gp1247ai.c...
compiling u8x8_d_gu800.c...
compiling u8x8_d_gp1287ai.c...
compiling u8x8_d_hd44102.c...
compiling u8x8_d_gp1294ai.c...
compiling u8x8_d_ist3020.c...
compiling u8x8_d_il3820_296x128.c...
compiling u8x8_d_ist7920.c...
compiling u8x8_d_ist3088.c...
compiling u8x8_d_ks0108.c...
compiling u8g2_d_setup.c...
compiling u8x8_d_ls013b7dh03.c...
compiling u8x8_d_pcd8544_84x48.c...
compiling u8x8_d_lc7981.c...
compiling u8x8_d_max7219.c...
compiling u8x8_d_ld7032_60x32.c...
compiling u8x8_d_pcf8812.c...
compiling u8x8_d_pcf8814_hx1230.c...
compiling u8x8_d_s1d15300.c...
compiling u8x8_d_sbn1661.c...
compiling u8x8_d_s1d15e06.c...
compiling u8x8_d_s1d15721.c...
compiling u8x8_d_sed1330.c...
compiling u8x8_d_sh1106_64x32.c...
compiling u8x8_d_sh1107.c...
compiling u8x8_d_sh1106_72x40.c...
compiling u8x8_d_sh1108.c...
compiling u8x8_d_ssd1305.c...
compiling u8x8_d_sh1122.c...
compiling u8x8_d_ssd1306_48x64.c...
compiling u8x8_d_ssd1306_64x48.c...
compiling u8x8_d_ssd1306_72x40.c...
compiling u8x8_d_ssd1306_96x40.c...
compiling u8x8_d_ssd1306_96x16.c...
compiling u8x8_d_ssd1306_64x32.c...
compiling u8x8_d_ssd1306_128x64_noname.c...
compiling u8x8_d_ssd1306_128x32.c...
compiling u8x8_d_ssd1306_2040x16.c...
compiling u8x8_d_ssd1316.c...
compiling u8x8_d_ssd1312.c...
compiling u8x8_d_ssd1309.c...
compiling u8g2_fonts.c...
compiling u8x8_d_ssd1317.c...
compiling u8x8_d_ssd1320.c...
compiling u8x8_d_ssd1318.c...
compiling u8x8_d_ssd1326.c...
compiling u8x8_d_ssd1325.c...
compiling u8x8_d_ssd1327.c...
compiling u8x8_d_ssd1322.c...
compiling u8x8_d_ssd1329.c...
compiling u8x8_d_ssd1606_172x72.c...
compiling u8x8_d_ssd1363.c...
compiling u8x8_d_st7511.c...
compiling u8x8_d_ssd1362.c...
compiling u8x8_d_st7302.c...
compiling u8x8_d_ssd1607_200x200.c...
compiling u8x8_d_st7539.c...
compiling u8x8_d_st7528.c...
compiling u8x8_d_st7565.c...
compiling u8x8_d_st7571.c...
compiling u8x8_d_st7567.c...
compiling u8x8_d_st7586s_erc240160.c...
compiling u8x8_d_st7586s_jlx320160.c...
compiling u8x8_d_st7588.c...
compiling u8x8_d_st7920.c...
compiling u8x8_d_st7586s_jlx384160.c...
compiling u8x8_d_st7586s_md240128.c...
compiling u8x8_d_st75160.c...
compiling u8x8_d_st7586s_s028hn118a.c...
compiling u8x8_d_st7586s_ymc240160.c...
compiling u8x8_d_st75161.c...
compiling u8x8_d_st75320.c...
compiling u8x8_d_stdio.c...
compiling u8x8_d_uc1601.c...
compiling u8x8_d_t6963.c...
compiling u8x8_d_st75256.c...
compiling u8x8_d_uc1604.c...
compiling u8x8_d_uc1609.c...
compiling u8x8_d_uc1608.c...
compiling u8x8_d_uc1611.c...
compiling u8x8_d_uc1701_dogs102.c...
compiling u8x8_d_uc1617.c...
compiling u8x8_d_uc1610.c...
compiling u8x8_d_uc1701_mini12864.c...
compiling u8x8_d_uc1638.c...
compiling u8x8_d_uc1628.c...
compiling u8x8_input_value.c...
compiling u8x8_debounce.c...
compiling u8x8_gpio.c...
compiling u8x8_display.c...
compiling u8x8_selection_list.c...
compiling u8x8_message.c...
compiling u8x8_u16toa.c...
compiling u8x8_fonts.c...
compiling u8x8_u8toa.c...
compiling u8x8_string.c...
compiling u8x8_setup.c...
linking...
Program Size: Code=16164 RO-data=1656 RW-data=708 ZI-data=1884  
FromELF: creating hex file...
"u8g2_TESTE\u8g2_TESTE.axf" - 0 Error(s), 4 Warning(s).

<h2>Software Packages used:</h2>

Package Vendor: ARM
                http://www.keil.com/pack/ARM.CMSIS.5.0.1.pack
                ARM.CMSIS.5.0.1
                CMSIS (Cortex Microcontroller Software Interface Standard)
   * Component: CORE Version: 5.0.1

Package Vendor: Keil
                https://www.keil.com/pack/Keil.STM32F1xx_DFP.2.4.1.pack
                Keil.STM32F1xx_DFP.2.4.1
                STMicroelectronics STM32F1 Series Device Support, Drivers and Examples

<h2>Collection of Component include folders:</h2>
  .\RTE\_u8g2_TESTE
  C:\Keil_v5\ARM\PACK\ARM\CMSIS\5.0.1\CMSIS\Include
  C:\Keil_v5\ARM\PACK\Keil\STM32F1xx_DFP\2.4.1\Device\Include

<h2>Collection of Component Files used:</h2>

   * Component: ARM::CMSIS:CORE:5.0.1
Build Time Elapsed:  00:00:22
</pre>
</body>
</html>
