<html>
<body>
<pre>
<h1>µVision Build Log</h1>
<h2>Tool Versions:</h2>
IDE-Version: µVision V5.24.2.0
Copyright (C) 2017 ARM Ltd and ARM Germany GmbH. All rights reserved.
License Information: Henrique Delagnelo, Labsolda, LIC=VGX63-ALUQL-YVG1Y-IRE9C-64JU2-WGSLA
 
Tool Versions:
Toolchain:       MDK-ARM Plus  Version: 5.24.1
Toolchain Path:  C:\Keil_v5\ARM\ARMCC\Bin
C Compiler:      Armcc.exe V5.06 update 5 (build 528)
Assembler:       Armasm.exe V5.06 update 5 (build 528)
Linker/Locator:  ArmLink.exe V5.06 update 5 (build 528)
Library Manager: ArmAr.exe V5.06 update 5 (build 528)
Hex Converter:   FromElf.exe V5.06 update 5 (build 528)
CPU DLL:         SARMCM3.DLL V5.24.1
Dialog DLL:      DCM.DLL V1.16.0.0
Target DLL:      STLink\ST-LINKIII-KEIL_SWO.dll V3.0.1.0
Dialog DLL:      TCM.DLL V1.32.0.0
 
<h2>Project:</h2>
C:\Users\Ianna_Eliza\Desktop\u8g2_TESTE\MDK-ARM\u8g2_TESTE.uvprojx
Project File Date:  02/11/2025

<h2>Output:</h2>
*** Using Compiler 'V5.06 update 5 (build 528)', folder: 'C:\Keil_v5\ARM\ARMCC\Bin'
Build target 'u8g2_TESTE'
compiling main.c...
../Core/Src/main.c(377): warning:  #177-D: variable "byte"  was declared but never referenced
    uint8_t byte;
../Core/Src/main.c(378): warning:  #177-D: variable "data"  was declared but never referenced
    uint8_t *data;
../Core/Src/main.c(444): warning:  #223-D: function "sprintf" declared implicitly
  		sprintf(acumuladaStr, "Acumulada: %dL", acumulada);
../Core/Src/main.c(493): warning:  #223-D: function "sprintf" declared implicitly
  		sprintf(minStr, "Maximo: %.1f", valorMin);
../Core/Src/main.c(151): warning:  #177-D: variable "contra_seta"  was declared but never referenced
  static unsigned char contra_seta[] = {
../Core/Src/main.c: 5 warnings, 0 errors
linking...
Program Size: Code=13678 RO-data=1654 RW-data=668 ZI-data=1884  
FromELF: creating hex file...
"u8g2_TESTE\u8g2_TESTE.axf" - 0 Error(s), 5 Warning(s).

<h2>Software Packages used:</h2>

Package Vendor: ARM
                http://www.keil.com/pack/ARM.CMSIS.5.0.1.pack
                ARM.CMSIS.5.0.1
                CMSIS (Cortex Microcontroller Software Interface Standard)
   * Component: CORE Version: 5.0.1

Package Vendor: Keil
                https://www.keil.com/pack/Keil.STM32F1xx_DFP.2.4.1.pack
                Keil.STM32F1xx_DFP.2.4.1
                STMicroelectronics STM32F1 Series Device Support, Drivers and Examples

<h2>Collection of Component include folders:</h2>
  .\RTE\_u8g2_TESTE
  C:\Keil_v5\ARM\PACK\ARM\CMSIS\5.0.1\CMSIS\Include
  C:\Keil_v5\ARM\PACK\Keil\STM32F1xx_DFP\2.4.1\Device\Include

<h2>Collection of Component Files used:</h2>

   * Component: ARM::CMSIS:CORE:5.0.1
Build Time Elapsed:  00:00:02
</pre>
</body>
</html>
